// Jest Snapshot v1, https://goo.gl/fbAQLP

exports[`MaintenanceListTable matches snapshot for desktop view 1`] = `
<div
  class="bg-white rounded-lg shadow-lg overflow-hidden"
>
  <div
    class="px-6 py-4 bg-gray-50 border-b border-gray-200"
  >
    <h2
      class="text-xl font-semibold text-gray-900"
    >
      Maintenance Schedule
    </h2>
    <p
      class="text-sm text-gray-600 mt-1"
    >
      Click on any row to view maintenance details
    </p>
  </div>
  <div
    class="relative"
  >
    <div
      class="absolute right-0 top-0 bottom-0 z-10 flex items-center bg-gradient-to-l from-white via-white to-transparent pr-2 pl-8 pointer-events-none"
    >
      <svg
        class="lucide lucide-chevron-right text-gray-600 w-5 h-5"
        fill="none"
        height="24"
        stroke="currentColor"
        stroke-linecap="round"
        stroke-linejoin="round"
        stroke-width="2"
        viewBox="0 0 24 24"
        width="24"
        xmlns="http://www.w3.org/2000/svg"
      >
        <path
          d="m9 18 6-6-6-6"
        />
      </svg>
    </div>
    <div
      class="overflow-x-auto scrollbar-thin scrollbar-thumb-gray-300 scrollbar-track-gray-100"
    >
      <table
        class="min-w-full divide-y divide-gray-200"
        style="min-width: 1000px;"
      >
        <thead
          class="bg-gray-50"
        >
          <tr>
            <th
              class="px-6 py-3 text-left text-xs font-medium text-gray-500 uppercase tracking-wider sticky left-0 bg-gray-50 z-50 border-r border-gray-200"
              style="min-width: 250px; box-shadow: 4px 0 6px -4px rgba(0,0,0,0.12);"
            >
              Equipment
            </th>
            <th
              class="px-6 py-3 text-left text-xs font-medium text-gray-500 uppercase tracking-wider"
              style="min-width: 140px;"
            >
              Location
            </th>
            <th
              class="px-6 py-3 text-left text-xs font-medium text-gray-500 uppercase tracking-wider"
              style="min-width: 120px;"
            >
              Priority
            </th>
            <th
              class="px-6 py-3 text-left text-xs font-medium text-gray-500 uppercase tracking-wider"
              style="min-width: 120px;"
            >
              Days Overdue
            </th>
          </tr>
        </thead>
        <tbody
          class="bg-white divide-y divide-gray-200"
        >
          <tr
            class="transition-colors duration-150 ease-in-out cursor-pointer hover:bg-gray-50"
          >
            <td
              class="px-6 py-4 whitespace-nowrap sticky left-0 bg-white z-40 border-r border-gray-200"
              style="box-shadow: 4px 0 6px -4px rgba(0,0,0,0.12);"
            >
              <div
                class="flex items-center"
              >
                <span
                  class="text-lg mr-3"
                >
                  <svg
                    class="lucide lucide-alert-triangle w-4 h-4 text-red-600"
                    fill="none"
                    height="24"
                    stroke="currentColor"
                    stroke-linecap="round"
                    stroke-linejoin="round"
                    stroke-width="2"
                    viewBox="0 0 24 24"
                    width="24"
                    xmlns="http://www.w3.org/2000/svg"
                  >
                    <path
                      d="m21.73 18-8-14a2 2 0 0 0-3.48 0l-8 14A2 2 0 0 0 4 21h16a2 2 0 0 0 1.73-3Z"
                    />
                    <path
                      d="M12 9v4"
                    />
                    <path
                      d="M12 17h.01"
                    />
                  </svg>
                </span>
                <div
                  class="flex flex-col"
                >
                  <div
                    class="text-sm font-medium text-gray-900"
                    title="SN-1 - MODEL-1"
                  >
                    Item 1
                  </div>
                  <div
                    class="text-xs text-gray-500"
                  >
                    Pump
                  </div>
                </div>
              </div>
            </td>
            <td
              class="px-6 py-4 whitespace-nowrap"
            >
              <div
                class="text-sm text-gray-900"
              >
                <div>
                  Facility A
                </div>
              </div>
            </td>
            <td
              class="px-6 py-4 whitespace-nowrap"
            >
              <div
                class="inline-flex items-center px-2.5 py-0.5 rounded-full text-xs font-medium bg-red-100 text-red-800"
              >
                <svg
                  class="lucide lucide-alert-triangle w-4 h-4 text-red-600"
                  fill="none"
                  height="24"
                  stroke="currentColor"
                  stroke-linecap="round"
                  stroke-linejoin="round"
                  stroke-width="2"
                  viewBox="0 0 24 24"
                  width="24"
                  xmlns="http://www.w3.org/2000/svg"
                >
                  <path
                    d="m21.73 18-8-14a2 2 0 0 0-3.48 0l-8 14A2 2 0 0 0 4 21h16a2 2 0 0 0 1.73-3Z"
                  />
                  <path
                    d="M12 9v4"
                  />
                  <path
                    d="M12 17h.01"
                  />
                </svg>
                <span
                  class="ml-1 capitalize"
                >
                  critical
                </span>
              </div>
            </td>
            <td
              class="px-6 py-4 whitespace-nowrap"
            >
              <span
                class="text-xs font-medium text-red-600"
              >
                5
              </span>
            </td>
          </tr>
          <tr
            class="transition-colors duration-150 ease-in-out cursor-pointer hover:bg-gray-50"
          >
            <td
              class="px-6 py-4 whitespace-nowrap sticky left-0 bg-white z-40 border-r border-gray-200"
              style="box-shadow: 4px 0 6px -4px rgba(0,0,0,0.12);"
            >
              <div
                class="flex items-center"
              >
                <span
                  class="text-lg mr-3"
                >
                  <svg
                    class="lucide lucide-alert-triangle w-4 h-4 text-red-600"
                    fill="none"
                    height="24"
                    stroke="currentColor"
                    stroke-linecap="round"
                    stroke-linejoin="round"
                    stroke-width="2"
                    viewBox="0 0 24 24"
                    width="24"
                    xmlns="http://www.w3.org/2000/svg"
                  >
                    <path
                      d="m21.73 18-8-14a2 2 0 0 0-3.48 0l-8 14A2 2 0 0 0 4 21h16a2 2 0 0 0 1.73-3Z"
                    />
                    <path
                      d="M12 9v4"
                    />
                    <path
                      d="M12 17h.01"
                    />
                  </svg>
                </span>
                <div
                  class="flex flex-col"
                >
                  <div
                    class="text-sm font-medium text-gray-900"
                    title="SN-2 - MODEL-2"
                  >
                    Item 2
                  </div>
                  <div
                    class="text-xs text-gray-500"
                  >
                    Pump
                  </div>
                </div>
              </div>
            </td>
            <td
              class="px-6 py-4 whitespace-nowrap"
            >
              <div
                class="text-sm text-gray-900"
              >
                <div>
                  Facility A
                </div>
              </div>
            </td>
            <td
              class="px-6 py-4 whitespace-nowrap"
            >
              <div
                class="inline-flex items-center px-2.5 py-0.5 rounded-full text-xs font-medium bg-red-100 text-red-800"
              >
                <svg
                  class="lucide lucide-alert-triangle w-4 h-4 text-red-600"
                  fill="none"
                  height="24"
                  stroke="currentColor"
                  stroke-linecap="round"
                  stroke-linejoin="round"
                  stroke-width="2"
                  viewBox="0 0 24 24"
                  width="24"
                  xmlns="http://www.w3.org/2000/svg"
                >
                  <path
                    d="m21.73 18-8-14a2 2 0 0 0-3.48 0l-8 14A2 2 0 0 0 4 21h16a2 2 0 0 0 1.73-3Z"
                  />
                  <path
                    d="M12 9v4"
                  />
                  <path
                    d="M12 17h.01"
                  />
                </svg>
                <span
                  class="ml-1 capitalize"
                >
                  critical
                </span>
              </div>
            </td>
            <td
              class="px-6 py-4 whitespace-nowrap"
            >
              <span
                class="text-xs font-medium text-red-600"
              >
                5
              </span>
            </td>
          </tr>
          <tr
            class="transition-colors duration-150 ease-in-out cursor-pointer hover:bg-gray-50"
          >
            <td
              class="px-6 py-4 whitespace-nowrap sticky left-0 bg-white z-40 border-r border-gray-200"
              style="box-shadow: 4px 0 6px -4px rgba(0,0,0,0.12);"
            >
              <div
                class="flex items-center"
              >
                <span
                  class="text-lg mr-3"
                >
                  <svg
                    class="lucide lucide-alert-triangle w-4 h-4 text-red-600"
                    fill="none"
                    height="24"
                    stroke="currentColor"
                    stroke-linecap="round"
                    stroke-linejoin="round"
                    stroke-width="2"
                    viewBox="0 0 24 24"
                    width="24"
                    xmlns="http://www.w3.org/2000/svg"
                  >
                    <path
                      d="m21.73 18-8-14a2 2 0 0 0-3.48 0l-8 14A2 2 0 0 0 4 21h16a2 2 0 0 0 1.73-3Z"
                    />
                    <path
                      d="M12 9v4"
                    />
                    <path
                      d="M12 17h.01"
                    />
                  </svg>
                </span>
                <div
                  class="flex flex-col"
                >
                  <div
                    class="text-sm font-medium text-gray-900"
                    title="SN-3 - MODEL-3"
                  >
                    Item 3
                  </div>
                  <div
                    class="text-xs text-gray-500"
                  >
                    Pump
                  </div>
                </div>
              </div>
            </td>
            <td
              class="px-6 py-4 whitespace-nowrap"
            >
              <div
                class="text-sm text-gray-900"
              >
                <div>
                  Facility A
                </div>
              </div>
            </td>
            <td
              class="px-6 py-4 whitespace-nowrap"
            >
              <div
                class="inline-flex items-center px-2.5 py-0.5 rounded-full text-xs font-medium bg-red-100 text-red-800"
              >
                <svg
                  class="lucide lucide-alert-triangle w-4 h-4 text-red-600"
                  fill="none"
                  height="24"
                  stroke="currentColor"
                  stroke-linecap="round"
                  stroke-linejoin="round"
                  stroke-width="2"
                  viewBox="0 0 24 24"
                  width="24"
                  xmlns="http://www.w3.org/2000/svg"
                >
                  <path
                    d="m21.73 18-8-14a2 2 0 0 0-3.48 0l-8 14A2 2 0 0 0 4 21h16a2 2 0 0 0 1.73-3Z"
                  />
                  <path
                    d="M12 9v4"
                  />
                  <path
                    d="M12 17h.01"
                  />
                </svg>
                <span
                  class="ml-1 capitalize"
                >
                  critical
                </span>
              </div>
            </td>
            <td
              class="px-6 py-4 whitespace-nowrap"
            >
              <span
                class="text-xs font-medium text-red-600"
              >
                5
              </span>
            </td>
          </tr>
        </tbody>
      </table>
    </div>
  </div>
</div>
`;
